scripts/test-api.ts(226,33): error TS2551: Property 'createMembershipProgram' does not exist on type '{ getMemberships: (locationId: string) => Promise<MembershipProgram[]>; saveMembershipProgram: (programData: MembershipProgram) => Promise<...>; getServices: (ownerId: string) => Promise<...>; upsertServices: (services: MembershipService[]) => Promise<...>; getBasePlanServices: (_locationId: string) => Promise<...>;...'. Did you mean 'saveMembershipProgram'?
scripts/test-api.ts(260,27): error TS2339: Property 'upsertDiscount' does not exist on type '{ getAllDiscounts: (locationId: string) => Promise<Discount[]>; createDiscount: (locationId: string, data: Partial<Discount>) => Promise<Discount>; validateDiscount: (locationId: string, discountCode: string) => Promise<...>; }'.
scripts/test-api.ts(269,31): error TS2339: Property 'valid' does not exist on type 'Discount'.
scripts/test-api.ts(269,49): error TS2339: Property 'success' does not exist on type 'Discount'.
scripts/test-api.ts(269,70): error TS2339: Property 'data' does not exist on type 'Discount'.
scripts/test-api.ts(269,87): error TS2339: Property 'data' does not exist on type 'Discount'.
scripts/test-base-plan.ts(40,9): error TS6133: 'timestamp' is declared but its value is never read.
scripts/test-base-plan.ts(121,59): error TS2339: Property 'length' does not exist on type 'BasePlanResponse'.
scripts/test-base-plan.ts(123,21): error TS2339: Property 'length' does not exist on type 'BasePlanResponse'.
scripts/test-base-plan.ts(124,49): error TS7053: Element implicitly has an 'any' type because expression of type '0' can't be used to index type 'BasePlanResponse'.
  Property '0' does not exist on type 'BasePlanResponse'.
scripts/test-elastic-search.ts(97,55): error TS2554: Expected 1 arguments, but got 3.
